// Jest Snapshot v1, https://goo.gl/fbAQLP

exports[`<App /> Test Suite <App /> match snapshot 1`] = `"<div class=\\"app\\"><div class=\\"header\\"><div class=\\"container container__header\\"><img class=\\"header__image\\" src=\\"https://www.instagram.com/static/images/web/mobile_nav_type_logo.png/735145cfe0a4.png\\" alt=\\"\\"/><button type=\\"button\\" class=\\"btn btn-link btn-sm\\">Log In</button></div></div><div class=\\"container container__post\\"><div><div></div></div></div></div>"`;

exports[`<Post /> Test Suite <Post /> match snapshot 1`] = `"<div class=\\"post\\"><div class=\\"post__header\\"><div class=\\"MuiAvatar-root MuiAvatar-circle post__avatar MuiAvatar-colorDefault\\"><svg class=\\"MuiSvgIcon-root MuiAvatar-fallback\\" focusable=\\"false\\" viewBox=\\"0 0 24 24\\" aria-hidden=\\"true\\"><path d=\\"M12 12c2.21 0 4-1.79 4-4s-1.79-4-4-4-4 1.79-4 4 1.79 4 4 4zm0 2c-2.67 0-8 1.34-8 4v2h16v-2c0-2.66-5.33-4-8-4z\\"></path></svg></div><h4>  </h4></div><img class=\\"post__image\\"/><h5 class=\\"post__capture\\"><strong></strong> </h5><div class=\\"post__comments\\"></div><form class=\\"post__input\\"><input type=\\"text\\" placeholder=\\"Enter your comment...\\" value=\\"\\" class=\\"post__input__comment form-control\\"/><button disabled=\\"\\" type=\\"submit\\" class=\\"post__btn btn btn-primary\\">Post</button></form></div>"`;
